---
source: compiler-core/src/javascript/tests/bit_arrays.rs
expression: "\nfn go(x) {\n  let assert <<_, b:bytes>> = <<1,2,3>>\n}\n"
---
import { makeError, toBitArray } from "../gleam.mjs";

function go(x) {
  let $ = toBitArray([1n, 2n, 3n]);
  if (!($.length >= 1)) {
    throw makeError(
      "let_assert",
      "my/mod",
      3,
      "go",
      "Pattern match failed, no pattern matched the value.",
      { value: $ }
    )
  }
  let b = $.sliceAfter(1);
  return $;
}
