---
source: compiler-core/src/javascript/tests/assignments.rs
expression: "fn go(x) { let assert 1 = x }"
---
import { makeError } from "../gleam.mjs";

function go(x) {
  if (x !== 1n) {
    throw makeError(
      "let_assert",
      "my/mod",
      1,
      "go",
      "Pattern match failed, no pattern matched the value.",
      { value: x }
    )
  }
  return x;
}
