---
source: compiler-core/src/javascript/tests/bit_arrays.rs
expression: "\nfn go(x) {\n  <<256, 4, x>>\n}\n"
---
import { toBitArray } from "../gleam.mjs";

function go(x) {
  return toBitArray([256n, 4n, x]);
}
