---
source: compiler-core/src/javascript/tests/case_clause_guards.rs
expression: "pub fn main(xs) -> Int {\n  case xs {\n    [1] | [1, 2] -> 0\n    _ -> 1\n  }\n}\n"
---
export function main(xs) {
  if (xs.hasLength(1) && xs.head === 1n) {
    return 0n;
  } else if (xs.hasLength(2) && xs.head === 1n && xs.tail.head === 2n) {
    return 0n;
  } else {
    return 1n;
  }
}
