---
source: compiler-core/src/javascript/tests/lists.rs
expression: "\nfn go(x) {\n    []\n    [1]\n    [1, 2]\n    [1, 2, ..x]\n}\n"
---
import { toList, prepend as listPrepend } from "../gleam.mjs";

function go(x) {
  toList([]);
  toList([1n]);
  toList([1n, 2n]);
  return listPrepend(1n, listPrepend(2n, x));
}
