---
source: compiler-core/src/javascript/tests/blocks.rs
expression: "\nfn go() {\n  {\n    1\n    2\n  } == 1\n}\n"
---
function go() {
  return (() => {
    1n;
    return 2n;
  })() === 1n;
}
