---
source: compiler-core/src/javascript/tests/numbers.rs
expression: "\nfn go() {\n    1\n    2\n    -3\n    4001\n    0b00001111\n    0o17\n    0xF\n    1_000\n}\n"
---
function go() {
  1n;
  2n;
  -3n;
  4001n;
  0b1111n;
  0o17n;
  0xFn;
  return 1_000n;
}
