---
source: compiler-core/src/javascript/tests/numbers.rs
expression: "\nfn go(x) {\n  let assert 4 = x\n}\n"
---
import { makeError } from "../gleam.mjs";

function go(x) {
  if (x !== 4n) {
    throw makeError(
      "let_assert",
      "my/mod",
      3,
      "go",
      "Pattern match failed, no pattern matched the value.",
      { value: x }
    )
  }
  return x;
}
