---
source: compiler-core/src/javascript/tests/numbers.rs
expression: "\nfn go() {\n  1 != 2\n  1 == 2\n}\n"
---
function go() {
  1n !== 2n;
  return 1n === 2n;
}
