---
source: compiler-core/src/javascript/tests/blocks.rs
expression: "\nfn go() {\n  let x = {\n    1\n    2\n  }\n  x\n}\n"
---
function go() {
  let x = (() => {
    1n;
    return 2n;
  })();
  return x;
}
