---
source: compiler-core/src/javascript/tests/custom_types.rs
expression: "import other.{Two}\n\npub fn main(x) {\n  case x {\n    Two(a: 1, ..) -> 1\n    other.Two(b: 2, c: c, ..) -> c\n    _ -> 3\n  }\n}\n"
---
import * as $other from "../other.mjs";
import { Two } from "../other.mjs";

export function main(x) {
  if (x instanceof Two && x.a === 1n) {
    return 1n;
  } else if (x instanceof $other.Two && x.b === 2n) {
    let c = x.c;
    return c;
  } else {
    return 3n;
  }
}
