---
source: compiler-core/src/javascript/tests/tuples.rs
expression: "\nfn go() {\n  #(1, 2).0\n}\n"
---
function go() {
  return [1n, 2n][0];
}
