---
source: compiler-core/src/javascript/tests/blocks.rs
expression: "\nfn go() {\n  let x = {\n    1\n    {\n      2\n      case True {\n        _ -> 3\n      }\n    }\n  }\n  x\n}\n"
---
function go() {
  let x = (() => {
    1n;
    return (() => {
      2n;
      let $ = true;
      {
        return 3n;
      }
    })();
  })();
  return x;
}
