---
source: compiler-core/src/javascript/tests/blocks.rs
expression: "\nfn go() {\n  let x = {\n    1\n    {\n      2\n      3\n    }\n    4\n  }\n  x\n}\n"
---
function go() {
  let x = (() => {
    1n;
    (() => {
      2n;
      return 3n;
    })();
    return 4n;
  })();
  return x;
}
