---
source: compiler-core/src/javascript/tests/case.rs
expression: "\nfn go(x, y) {\n  case x, y {\n    True, _ -> 1\n    _, True -> 2\n    False, False -> 0\n  }\n}\n"
---
function go(x, y) {
  if (x) {
    return 1n;
  } else if (y) {
    return 2n;
  } else {
    return 0n;
  }
}
