---
source: compiler-core/src/javascript/tests/blocks.rs
expression: "\nfn go() {\n  1 == {\n    1\n    2\n  }\n}\n"
---
function go() {
  return 1n === (() => {
    1n;
    return 2n;
  })();
}
