---
source: compiler-core/src/javascript/tests/case.rs
expression: "\nfn go(x) {\n  case x {\n    Ok(_) -> 1\n    Error(_) -> 0\n  }\n}\n"
---
function go(x) {
  if (x.isOk()) {
    return 1n;
  } else {
    return 0n;
  }
}
